#-----------------------------------------------------------
# Vivado v2024.1 (64-bit)
# SW Build 5076996 on Wed May 22 18:37:14 MDT 2024
# IP Build 5075265 on Wed May 22 21:45:21 MDT 2024
# SharedData Build 5076995 on Wed May 22 18:29:18 MDT 2024
# Start of session at: Wed Feb 12 16:00:12 2025
# Process ID: 18592
# Current directory: C:/Users/matt/OneDrive/Dokumente/__Master/Vivado/Vitis_HLS/hls-delay-and-sum/DelayAndSum/DelayAndSum/hls/impl/ip
# Command line: vivado.exe -notrace -mode batch -source run_ippack.tcl
# Log file: C:/Users/matt/OneDrive/Dokumente/__Master/Vivado/Vitis_HLS/hls-delay-and-sum/DelayAndSum/DelayAndSum/hls/impl/ip/vivado.log
# Journal file: C:/Users/matt/OneDrive/Dokumente/__Master/Vivado/Vitis_HLS/hls-delay-and-sum/DelayAndSum/DelayAndSum/hls/impl/ip\vivado.jou
# Running On        :Laptop-Matt
# Platform          :Windows Server 2016 or Windows 10
# Operating System  :22631
# Processor Detail  :11th Gen Intel(R) Core(TM) i7-1185G7 @ 3.00GHz
# CPU Frequency     :2995 MHz
# CPU Physical cores:4
# CPU Logical cores :8
# Host memory       :16872 MB
# Swap memory       :6373 MB
# Total Virtual     :23246 MB
# Available Virtual :6156 MB
#-----------------------------------------------------------
source run_ippack.tcl -notrace
